// Jest Snapshot v1, https://goo.gl/fbAQLP

exports[`Charts should match snapshot 1`] = `
Object {
  "axis": Object {
    "legendColor": "#fff",
    "textColor": "#fff",
    "tickColor": "#fff",
  },
  "colors": Array [
    "#66c2a5",
    "#fc8d62",
    "#8da0cb",
    "#e78ac3",
    "#a6d854",
  ],
  "grid": Object {
    "stroke": "#222",
  },
  "tooltip": Object {
    "background": "#000",
    "border": "1px solid #fff",
    "borderRadius": 0,
    "boxShadow": "none",
    "color": "#fff",
    "fontSize": "1.4vmin",
  },
}
`;
