// Jest Snapshot v1, https://goo.gl/fbAQLP

exports[`Charts should match snapshot 1`] = `
Object {
  "axis": Object {
    "legendColor": "#90a2a4",
    "textColor": "#90a2a4",
    "tickColor": "#90a2a4",
  },
  "colors": Array [
    "#00b2b0",
    "#24dead",
    "#d9d356",
    "#f1c4c2",
    "#dfbbe8",
  ],
  "grid": Object {
    "stroke": "#073642",
  },
  "tooltip": Object {
    "background": "#073c49",
    "borderRadius": 0,
    "boxShadow": "0 1px 3px rgba(0, 0, 0, 0.5)",
    "color": "#bed0d2",
    "fontSize": "1.4vmin",
  },
}
`;
