// Jest Snapshot v1, https://goo.gl/fbAQLP

exports[`Charts should match snapshot 1`] = `
Object {
  "axis": Object {
    "legendColor": "#000",
    "textColor": "#000",
    "tickColor": "#000",
  },
  "colors": Array [
    "#b3e2cd",
    "#fdcdac",
    "#cbd5e8",
    "#f4cae4",
    "#e6f5c9",
  ],
  "grid": Object {
    "stroke": "#eee",
  },
  "tooltip": Object {
    "background": "#fff",
    "border": "1px solid #000",
    "borderRadius": 0,
    "boxShadow": "none",
    "color": "#000",
    "fontSize": "1.4vmin",
  },
}
`;
