// Jest Snapshot v1, https://goo.gl/fbAQLP

exports[`Typography should match snapshot 1`] = `
Object {
  "default": Object {
    "default": Object {
      "fontFamily": "'Roboto Mono', monospace",
      "fontSize": "1.8vmin",
      "fontWeight": 400,
      "lineHeight": "1.5em",
    },
    "small": Object {
      "fontSize": "1.6vmin",
    },
    "strong": Object {
      "fontWeight": 600,
    },
  },
  "display": Object {
    "default": Object {
      "fontFamily": "'Roboto Mono', monospace",
      "fontSize": "1.8vmin",
      "fontWeight": 700,
      "lineHeight": "1.5em",
    },
  },
}
`;
